I'm sorry, but errors were detected in your script. Please correct the
errors listed below, and try again.


File "game/script.rpy", line 54: expected 'label_name' not found.
    jump 
        ^

Ren'Py Version: Ren'Py 8.0.3.22090809
Sun Feb 12 20:41:20 2023
